[debug] [2025-12-02T04:33:10.289Z] ----------------------------------------------------------------------
[debug] [2025-12-02T04:33:10.302Z] Command:       C:\Program Files\nodejs\node.exe C:\Users\tadaa\AppData\Roaming\npm\node_modules\firebase-tools\lib\bin\firebase.js init
[debug] [2025-12-02T04:33:10.302Z] CLI Version:   14.26.0
[debug] [2025-12-02T04:33:10.302Z] Platform:      win32
[debug] [2025-12-02T04:33:10.302Z] Node Version:  v24.11.1
[debug] [2025-12-02T04:33:10.302Z] Time:          Tue Dec 02 2025 13:33:10 GMT+0900 (日本標準時)
[debug] [2025-12-02T04:33:10.302Z] ----------------------------------------------------------------------
[debug] 
[info] 
     ######## #### ########  ######## ########     ###     ######  ########
     ##        ##  ##     ## ##       ##     ##  ##   ##  ##       ##
     ######    ##  ########  ######   ########  #########  ######  ######
     ##        ##  ##    ##  ##       ##     ## ##     ##       ## ##
     ##       #### ##     ## ######## ########  ##     ##  ######  ########

You're about to initialize a Firebase project in this directory:

  C:\Users\tadaa\Documents\FlowerLinerNagaiStatonInformationAR

[info] 
=== Project Setup
[info] 
[info] First, let's associate this project directory with a Firebase project.
[info] You can create multiple project aliases by running firebase use --add, 
[info] 
[debug] [2025-12-02T04:33:43.523Z] > command requires scopes: ["email","openid","https://www.googleapis.com/auth/cloudplatformprojects.readonly","https://www.googleapis.com/auth/firebase","https://www.googleapis.com/auth/cloud-platform"]
[debug] [2025-12-02T04:33:43.524Z] > authorizing via signed-in user (tadaakitsuchiya@gmail.com)
[debug] [2025-12-02T04:33:43.524Z] Checked if tokens are valid: false, expires at: 1764577421001
[debug] [2025-12-02T04:33:43.525Z] Checked if tokens are valid: false, expires at: 1764577421001
[debug] [2025-12-02T04:33:43.525Z] > refreshing access token with scopes: []
[debug] [2025-12-02T04:33:43.526Z] >>> [apiv2][query] POST https://www.googleapis.com/oauth2/v3/token [none]
[debug] [2025-12-02T04:33:43.526Z] >>> [apiv2][body] POST https://www.googleapis.com/oauth2/v3/token [omitted]
[debug] [2025-12-02T04:33:43.828Z] <<< [apiv2][status] POST https://www.googleapis.com/oauth2/v3/token 200
[debug] [2025-12-02T04:33:43.828Z] <<< [apiv2][body] POST https://www.googleapis.com/oauth2/v3/token [omitted]
[debug] [2025-12-02T04:33:43.833Z] >>> [apiv2][query] GET https://firebase.googleapis.com/v1beta1/projects pageSize=100
[debug] [2025-12-02T04:33:44.535Z] <<< [apiv2][status] GET https://firebase.googleapis.com/v1beta1/projects 200
[debug] [2025-12-02T04:33:44.535Z] <<< [apiv2][body] GET https://firebase.googleapis.com/v1beta1/projects [omitted]
[debug] [2025-12-02T04:34:49.352Z] ExitPromptError: User force closed the prompt with SIGINT
    at Interface.sigint (C:\Users\tadaa\AppData\Roaming\npm\node_modules\firebase-tools\node_modules\@inquirer\core\dist\commonjs\lib\create-prompt.js:101:37)
    at Interface.emit (node:events:508:28)
    at Interface.emit (node:domain:489:12)
    at [_ttyWrite] [as _ttyWrite] (node:internal/readline/interface:1317:18)
    at ReadStream.onkeypress (node:internal/readline/interface:284:20)
    at ReadStream.emit (node:events:520:35)
    at ReadStream.emit (node:domain:489:12)
    at emitKeys (node:internal/readline/utils:371:14)
    at emitKeys.next (<anonymous>)
    at ReadStream.onData (node:internal/readline/emitKeypressEvents:64:36)
[error] 
[error] Error: An unexpected error has occurred.
